[ERROR 2019-08-19 15:31:44,150 main] remove_from_cache, user_uid=exist.
